Running server on 127.0.0.1:3400
Bind TCP socket to port 3400
Listening for incoming connections...
Waiting for connection 1
Connection 1: Connected
Waiting for connection 2
Connection 2: Connected
Running server on localhost:3400
Bind TCP socket to port 3400
Listening for incoming connections...
Waiting for connection 1
Connection 1: Connected
Waiting for connection 2
Connection 2: Connected
Bye bye
